Γû▓ Next.js 16.1.6 (webpack)
- Environments: .env.local, .env

npx : ΓÜá The "middleware" file convention is deprecated. Please use "proxy" instead. Learn more: 
https://nextjs.org/docs/messages/middleware-to-proxy
At line:1 char:1
+ npx next build --webpack 2>&1 | Out-File -FilePath "d:\Report-Card\bu ...
+ ~~~~~~~~~~~~~~~~~~~~~~~~~~~~~
    + CategoryInfo          : NotSpecified: (ΓÜá The "middle...leware-to-proxy:String) [], RemoteException
    + FullyQualifiedErrorId : NativeCommandError
 
  Creating an optimized production build ...
Γ£ô Compiled successfully in 7.7s
  Running TypeScript ...
  Collecting page data using 3 workers ...
  Generating static pages using 3 workers (0/59) ...
  Generating static pages using 3 workers (14/59) 
  Generating static pages using 3 workers (29/59) 
  Generating static pages using 3 workers (44/59) 
Γ£ô Generating static pages using 3 workers (59/59) in 2.3s
  Finalizing page optimization ...
  Collecting build traces ...

Route (app)
Γöî Γùï /
Γö£ Γùï /_not-found
Γö£ ╞Æ /api/admin/academic-structure
Γö£ ╞Æ /api/admin/add-student
Γö£ ╞Æ /api/admin/create-user
Γö£ ╞Æ /api/admin/delete-student
Γö£ ╞Æ /api/admin/delete-user
Γö£ ╞Æ /api/admin/reset-user-password
Γö£ ╞Æ /api/admin/school
Γö£ ╞Æ /api/admin/seed-classes
Γö£ ╞Æ /api/admin/update-student
Γö£ ╞Æ /api/admin/update-user
Γö£ ╞Æ /api/admin/user-assignments
Γö£ ╞Æ /api/auth/[...nextauth]
Γö£ ╞Æ /api/auth/available-roles
Γö£ ╞Æ /api/auth/register
Γö£ ╞Æ /api/auth/signup
Γö£ ╞Æ /api/reports/class/[classId]
Γö£ ╞Æ /api/reports/comments
Γö£ ╞Æ /api/reports/marksheet/[classId]
Γö£ ╞Æ /api/reports/student/[studentId]
Γö£ ╞Æ /api/school/analytics
Γö£ ╞Æ /api/school/data
Γö£ ╞Æ /api/school/exam-marks
Γö£ ╞Æ /api/school/exam-marks/stream
Γö£ ╞Æ /api/school/exams
Γö£ ╞Æ /api/school/exams/[examId]
Γö£ ╞Æ /api/school/generate-reports
Γö£ ╞Æ /api/school/grading/scales
Γö£ ╞Æ /api/school/stats
Γö£ ╞Æ /api/school/student-results
Γö£ ╞Æ /api/sms/send
Γö£ Γùï /contact
Γö£ Γùï /dashboard
Γö£ Γùï /dashboard/analytics
Γö£ Γùï /dashboard/attendance
Γö£ Γùï /dashboard/classes
Γö£ Γùï /dashboard/exam-results
Γö£ Γùï /dashboard/exams
Γö£ Γùï /dashboard/marks
Γö£ Γùï /dashboard/my-results
Γö£ Γùï /dashboard/parents
Γö£ Γùï /dashboard/report-cards
Γö£ Γùï /dashboard/reports
Γö£ Γùï /dashboard/settings
Γö£ Γùï /dashboard/students
Γö£ Γùï /dashboard/subjects
Γö£ Γùï /dashboard/teachers
Γö£ Γùï /dashboard/users
Γö£ Γùï /features
Γö£ Γùï /features/analytics
Γö£ Γùï /features/attendance
Γö£ Γùï /features/classes
Γö£ Γùï /features/exams
Γö£ Γùï /features/parents
Γö£ Γùï /features/report-cards
Γö£ Γùï /features/students
Γö£ Γùï /features/subjects
Γö£ Γùï /features/teachers
Γö£ Γùï /icon.jpg
Γö£ Γùï /login
Γö£ Γùï /pricing
Γöö Γùï /signup


╞Æ Proxy (Middleware)

Γùï  (Static)   prerendered as static content
╞Æ  (Dynamic)  server-rendered on demand

